19:59:24 **** Incremental Build of configuration Debug for project gpio_output ****
make -j4 all 
arm-none-eabi-g++ "../Src/main.cpp" -mcpu=cortex-m4 -std=gnu++14 -g3 -DDEBUG -DSTM32 -DSTM32F4 -DSTM32F407VETx -c -I../Inc -I"/home/mosioatunya/Learn Stm32/Chip Header_file/CMSIS/Device/ST/STM32F4xx/Include" -I"/home/mosioatunya/Learn Stm32/Chip Header_file/CMSIS/Include" -O0 -ffunction-sections -fdata-sections -fno-exceptions -fno-rtti -fno-use-cxa-atexit -Wall -fstack-usage -fcyclomatic-complexity -MMD -MP -MF"Src/main.d" -MT"Src/main.o" --specs=nano.specs -mfpu=fpv4-sp-d16 -mfloat-abi=hard -mthumb -o "Src/main.o"
arm-none-eabi-g++ -o "gpio_output.elf" @"objects.list"   -mcpu=cortex-m4 -T"/home/mosioatunya/Learn Stm32/Embedded-Systems-Bare-Metal-Programming/gpio_output/STM32F407VETX_FLASH.ld" --specs=nosys.specs -Wl,-Map="gpio_output.map" -Wl,--gc-sections -static --specs=nano.specs -mfpu=fpv4-sp-d16 -mfloat-abi=hard -mthumb -Wl,--start-group -lc -lm -lstdc++ -lsupc++ -Wl,--end-group
Finished building target: gpio_output.elf
 
arm-none-eabi-size  gpio_output.elf 
arm-none-eabi-objdump -h -S gpio_output.elf  > "gpio_output.list"
   text	   data	    bss	    dec	    hex	filename
    732	      0	   1568	   2300	    8fc	gpio_output.elf
Finished building: default.size.stdout
 
Finished building: gpio_output.list
 
19:59:26 **** Incremental Build of configuration Debug for project gpio_output ****
make -j4 all 
arm-none-eabi-size  gpio_output.elf 
   text	   data	    bss	    dec	    hex	filename
    732	      0	   1568	   2300	    8fc	gpio_output.elf
Finished building: default.size.stdout
 
